exports[`test MonthlyBook display 1`] = `
<div
  className="monthly-book">
  <h4>
    8月份书单
  </h4>
  <div
    className="book-entity">
    <strong>
      《
      专业主义
      》
    </strong>
    <strong>
      大前研一
    </strong>
      
    <strong>
      done
    </strong>
  </div>
  <div
    className="book-entity">
    <strong>
      《
      不在独自旅行
      》
    </strong>
    <strong>
      大低&小低
    </strong>
      
    <strong>
      done
    </strong>
  </div>
  <div
    className="book-entity">
    <strong>
      《
      Atom Flight Manual
      》
    </strong>
    <strong>
      atom官方教程
    </strong>
      
    <strong>
      done
    </strong>
  </div>
</div>
`;
